[DEBUG LAB4]: 	token       lexeme      lineno      idnum       
[DEBUG LAB4]: 	INT		int		1
[DEBUG LAB4]: 	ID	a	1	1
[DEBUG LAB4]: 	SEMICOLON	;	1
[DEBUG LAB4]: 	INT		int		3
[DEBUG LAB4]: 	ID	main	3	2
[DEBUG LAB4]: 	LPAREN	(	3
[DEBUG LAB4]: 	RPAREN	)	3
[DEBUG LAB4]: 	LBRACE	{	4
[DEBUG LAB4]: 	INT		int		5
[DEBUG LAB4]: 	ID	a	5	3
[DEBUG LAB4]: 	SEMICOLON	;	5
[DEBUG LAB4]: 	ID	a	6	3
[DEBUG LAB4]: 	ASSIGN	=	6
[DEBUG LAB4]: 	DECIMIAL	1	6
[DEBUG LAB4]: 	ADD	+	6
[DEBUG LAB4]: 	DECIMIAL	2	6
[DEBUG LAB4]: 	SEMICOLON	;	6
[DEBUG LAB4]: 	IF	if	7
[DEBUG LAB4]: 	LPAREN	(	7
[DEBUG LAB4]: 	ID	a	7	3
[DEBUG LAB4]: 	LESS	<	7
[DEBUG LAB4]: 	DECIMIAL	5	7
[DEBUG LAB4]: 	RPAREN	)	7
[DEBUG LAB4]: 	RETURN	return	8
[DEBUG LAB4]: 	DECIMIAL	1	8
[DEBUG LAB4]: 	SEMICOLON	;	8
[DEBUG LAB4]: 	RETURN	return	9
[DEBUG LAB4]: 	DECIMIAL	0	9
[DEBUG LAB4]: 	SEMICOLON	;	9
[DEBUG LAB4]: 	RBRACE	}	10
